// Jest Snapshot v1, https://goo.gl/fbAQLP

exports[`noSandbox Template processing Add bookmarks - bookmark should be correctly added 1`] = `
{
  "_attrs": {
    "mc:Ignorable": "w14 w15 wp14 w16se w16cid w16 w16cex w16sdtdh",
    "xmlns:m": "http://schemas.openxmlformats.org/officeDocument/2006/math",
    "xmlns:mc": "http://schemas.openxmlformats.org/markup-compatibility/2006",
    "xmlns:o": "urn:schemas-microsoft-com:office:office",
    "xmlns:r": "http://schemas.openxmlformats.org/officeDocument/2006/relationships",
    "xmlns:v": "urn:schemas-microsoft-com:vml",
    "xmlns:w": "http://schemas.openxmlformats.org/wordprocessingml/2006/main",
    "xmlns:w10": "urn:schemas-microsoft-com:office:word",
    "xmlns:w14": "http://schemas.microsoft.com/office/word/2010/wordml",
    "xmlns:w15": "http://schemas.microsoft.com/office/word/2012/wordml",
    "xmlns:w16": "http://schemas.microsoft.com/office/word/2018/wordml",
    "xmlns:w16cex": "http://schemas.microsoft.com/office/word/2018/wordml/cex",
    "xmlns:w16cid": "http://schemas.microsoft.com/office/word/2016/wordml/cid",
    "xmlns:w16sdtdh": "http://schemas.microsoft.com/office/word/2020/wordml/sdtdatahash",
    "xmlns:w16se": "http://schemas.microsoft.com/office/word/2015/wordml/symex",
    "xmlns:wne": "http://schemas.microsoft.com/office/word/2006/wordml",
    "xmlns:wp": "http://schemas.openxmlformats.org/drawingml/2006/wordprocessingDrawing",
    "xmlns:wp14": "http://schemas.microsoft.com/office/word/2010/wordprocessingDrawing",
    "xmlns:wpc": "http://schemas.microsoft.com/office/word/2010/wordprocessingCanvas",
    "xmlns:wpg": "http://schemas.microsoft.com/office/word/2010/wordprocessingGroup",
    "xmlns:wpi": "http://schemas.microsoft.com/office/word/2010/wordprocessingInk",
    "xmlns:wps": "http://schemas.microsoft.com/office/word/2010/wordprocessingShape",
  },
  "_children": [
    {
      "_attrs": {},
      "_children": [
        {
          "_attrs": {
            "w14:paraId": "4B86D9B1",
            "w14:textId": "61DA0F59",
            "w:rsidP": "437808BE",
            "w:rsidR": "3A54C927",
            "w:rsidRDefault": "3A54C927",
          },
          "_children": [
            {
              "_attrs": {},
              "_children": [
                {
                  "_attrs": {
                    "w:val": "Normal",
                  },
                  "_children": [],
                  "_fTextNode": false,
                  "_parent": [Circular],
                  "_tag": "w:pStyle",
                },
              ],
              "_fTextNode": false,
              "_parent": [Circular],
              "_tag": "w:pPr",
            },
            {
              "_attrs": {
                "w:id": "1",
                "w:name": "name_of_the_bookmark",
              },
              "_children": [],
              "_fTextNode": false,
              "_parent": [Circular],
              "_tag": "w:bookmarkStart",
            },
            {
              "_attrs": {},
              "_children": [
                {
                  "_attrs": {},
                  "_children": [
                    {
                      "_attrs": {
                        "w:val": "single",
                      },
                      "_children": [],
                      "_fTextNode": false,
                      "_parent": [Circular],
                      "_tag": "w:u",
                    },
                  ],
                  "_fTextNode": false,
                  "_parent": [Circular],
                  "_tag": "w:rPr",
                },
                {
                  "_attrs": {},
                  "_children": [
                    {
                      "_children": [],
                      "_fTextNode": true,
                      "_parent": [Circular],
                      "_text": undefined,
                    },
                  ],
                  "_fTextNode": false,
                  "_parent": [Circular],
                  "_tag": "w:t",
                },
              ],
              "_fTextNode": false,
              "_parent": [Circular],
              "_tag": "w:r",
            },
            {
              "_attrs": {
                "w:id": "1",
              },
              "_children": [],
              "_fTextNode": false,
              "_parent": [Circular],
              "_tag": "w:bookmarkEnd",
            },
            {
              "_attrs": {
                "w:rsidR": "3A54C927",
              },
              "_children": [
                {
                  "_attrs": {},
                  "_children": [],
                  "_fTextNode": false,
                  "_parent": [Circular],
                  "_tag": "w:rPr",
                },
                {
                  "_attrs": {
                    "xml:space": "preserve",
                  },
                  "_children": [
                    {
                      "_children": [],
                      "_fTextNode": true,
                      "_parent": [Circular],
                      "_text": "",
                    },
                  ],
                  "_fTextNode": false,
                  "_parent": [Circular],
                  "_tag": "w:t",
                },
              ],
              "_fTextNode": false,
              "_parent": [Circular],
              "_tag": "w:r",
            },
            {
              "_attrs": {
                "w:rsidR": "3A54C927",
              },
              "_children": [
                {
                  "_attrs": {},
                  "_children": [],
                  "_fTextNode": false,
                  "_parent": [Circular],
                  "_tag": "w:rPr",
                },
                {
                  "_attrs": {
                    "xml:space": "preserve",
                  },
                  "_children": [
                    {
                      "_children": [],
                      "_fTextNode": true,
                      "_parent": [Circular],
                      "_text": "",
                    },
                  ],
                  "_fTextNode": false,
                  "_parent": [Circular],
                  "_tag": "w:t",
                },
              ],
              "_fTextNode": false,
              "_parent": [Circular],
              "_tag": "w:r",
            },
            {
              "_attrs": {
                "w:rsidR": "3A54C927",
              },
              "_children": [
                {
                  "_attrs": {},
                  "_children": [],
                  "_fTextNode": false,
                  "_parent": [Circular],
                  "_tag": "w:rPr",
                },
                {
                  "_attrs": {
                    "xml:space": "preserve",
                  },
                  "_children": [
                    {
                      "_children": [],
                      "_fTextNode": true,
                      "_parent": [Circular],
                      "_text": "",
                    },
                  ],
                  "_fTextNode": false,
                  "_parent": [Circular],
                  "_tag": "w:t",
                },
              ],
              "_fTextNode": false,
              "_parent": [Circular],
              "_tag": "w:r",
            },
            {
              "_attrs": {
                "w:rsidR": "3A54C927",
              },
              "_children": [
                {
                  "_attrs": {},
                  "_children": [],
                  "_fTextNode": false,
                  "_parent": [Circular],
                  "_tag": "w:rPr",
                },
                {
                  "_attrs": {
                    "xml:space": "preserve",
                  },
                  "_children": [
                    {
                      "_children": [],
                      "_fTextNode": true,
                      "_parent": [Circular],
                      "_text": "",
                    },
                  ],
                  "_fTextNode": false,
                  "_parent": [Circular],
                  "_tag": "w:t",
                },
              ],
              "_fTextNode": false,
              "_parent": [Circular],
              "_tag": "w:r",
            },
            {
              "_attrs": {
                "w:rsidR": "3A54C927",
              },
              "_children": [
                {
                  "_attrs": {},
                  "_children": [],
                  "_fTextNode": false,
                  "_parent": [Circular],
                  "_tag": "w:rPr",
                },
                {
                  "_attrs": {
                    "xml:space": "preserve",
                  },
                  "_children": [
                    {
                      "_children": [],
                      "_fTextNode": true,
                      "_parent": [Circular],
                      "_text": "",
                    },
                  ],
                  "_fTextNode": false,
                  "_parent": [Circular],
                  "_tag": "w:t",
                },
              ],
              "_fTextNode": false,
              "_parent": [Circular],
              "_tag": "w:r",
            },
            {
              "_attrs": {
                "w:rsidR": "3A54C927",
              },
              "_children": [
                {
                  "_attrs": {},
                  "_children": [],
                  "_fTextNode": false,
                  "_parent": [Circular],
                  "_tag": "w:rPr",
                },
                {
                  "_attrs": {
                    "xml:space": "preserve",
                  },
                  "_children": [
                    {
                      "_children": [],
                      "_fTextNode": true,
                      "_parent": [Circular],
                      "_text": "",
                    },
                  ],
                  "_fTextNode": false,
                  "_parent": [Circular],
                  "_tag": "w:t",
                },
              ],
              "_fTextNode": false,
              "_parent": [Circular],
              "_tag": "w:r",
            },
            {
              "_attrs": {
                "w:rsidR": "3C293C47",
              },
              "_children": [
                {
                  "_attrs": {},
                  "_children": [],
                  "_fTextNode": false,
                  "_parent": [Circular],
                  "_tag": "w:rPr",
                },
                {
                  "_attrs": {
                    "xml:space": "preserve",
                  },
                  "_children": [
                    {
                      "_children": [],
                      "_fTextNode": true,
                      "_parent": [Circular],
                      "_text": "",
                    },
                  ],
                  "_fTextNode": false,
                  "_parent": [Circular],
                  "_tag": "w:t",
                },
              ],
              "_fTextNode": false,
              "_parent": [Circular],
              "_tag": "w:r",
            },
            {
              "_attrs": {
                "w:rsidR": "3A54C927",
              },
              "_children": [
                {
                  "_attrs": {},
                  "_children": [],
                  "_fTextNode": false,
                  "_parent": [Circular],
                  "_tag": "w:rPr",
                },
                {
                  "_attrs": {
                    "xml:space": "preserve",
                  },
                  "_children": [
                    {
                      "_children": [],
                      "_fTextNode": true,
                      "_parent": [Circular],
                      "_text": "",
                    },
                  ],
                  "_fTextNode": false,
                  "_parent": [Circular],
                  "_tag": "w:t",
                },
              ],
              "_fTextNode": false,
              "_parent": [Circular],
              "_tag": "w:r",
            },
            {
              "_attrs": {
                "w:rsidR": "3A54C927",
              },
              "_children": [
                {
                  "_attrs": {},
                  "_children": [],
                  "_fTextNode": false,
                  "_parent": [Circular],
                  "_tag": "w:rPr",
                },
                {
                  "_attrs": {
                    "xml:space": "preserve",
                  },
                  "_children": [
                    {
                      "_children": [],
                      "_fTextNode": true,
                      "_parent": [Circular],
                      "_text": "",
                    },
                  ],
                  "_fTextNode": false,
                  "_parent": [Circular],
                  "_tag": "w:t",
                },
              ],
              "_fTextNode": false,
              "_parent": [Circular],
              "_tag": "w:r",
            },
          ],
          "_fTextNode": false,
          "_parent": [Circular],
          "_tag": "w:p",
        },
        {
          "_attrs": {
            "w14:paraId": "772E56C9",
            "w14:textId": "0C8002BC",
            "w:rsidP": "437808BE",
            "w:rsidR": "437808BE",
            "w:rsidRDefault": "437808BE",
          },
          "_children": [
            {
              "_attrs": {},
              "_children": [
                {
                  "_attrs": {
                    "w:val": "Normal",
                  },
                  "_children": [],
                  "_fTextNode": false,
                  "_parent": [Circular],
                  "_tag": "w:pStyle",
                },
              ],
              "_fTextNode": false,
              "_parent": [Circular],
              "_tag": "w:pPr",
            },
          ],
          "_fTextNode": false,
          "_parent": [Circular],
          "_tag": "w:p",
        },
        {
          "_attrs": {
            "w14:paraId": "226B924A",
            "w14:textId": "1853F527",
            "w:rsidP": "437808BE",
            "w:rsidR": "30651451",
            "w:rsidRDefault": "30651451",
          },
          "_children": [
            {
              "_attrs": {},
              "_children": [
                {
                  "_attrs": {
                    "w:val": "Normal",
                  },
                  "_children": [],
                  "_fTextNode": false,
                  "_parent": [Circular],
                  "_tag": "w:pStyle",
                },
              ],
              "_fTextNode": false,
              "_parent": [Circular],
              "_tag": "w:pPr",
            },
            {
              "_attrs": {
                "w:rsidR": "30651451",
              },
              "_children": [
                {
                  "_attrs": {},
                  "_children": [],
                  "_fTextNode": false,
                  "_parent": [Circular],
                  "_tag": "w:rPr",
                },
                {
                  "_attrs": {
                    "xml:space": "preserve",
                  },
                  "_children": [
                    {
                      "_children": [],
                      "_fTextNode": true,
                      "_parent": [Circular],
                      "_text": "REFER ",
                    },
                  ],
                  "_fTextNode": false,
                  "_parent": [Circular],
                  "_tag": "w:t",
                },
              ],
              "_fTextNode": false,
              "_parent": [Circular],
              "_tag": "w:r",
            },
            {
              "_attrs": {
                "w:rsidR": "30651451",
              },
              "_children": [
                {
                  "_attrs": {},
                  "_children": [],
                  "_fTextNode": false,
                  "_parent": [Circular],
                  "_tag": "w:rPr",
                },
                {
                  "_attrs": {
                    "xml:space": "preserve",
                  },
                  "_children": [
                    {
                      "_children": [],
                      "_fTextNode": true,
                      "_parent": [Circular],
                      "_text": "({ name",
                    },
                  ],
                  "_fTextNode": false,
                  "_parent": [Circular],
                  "_tag": "w:t",
                },
              ],
              "_fTextNode": false,
              "_parent": [Circular],
              "_tag": "w:r",
            },
            {
              "_attrs": {
                "w:rsidR": "30651451",
              },
              "_children": [
                {
                  "_attrs": {},
                  "_children": [],
                  "_fTextNode": false,
                  "_parent": [Circular],
                  "_tag": "w:rPr",
                },
                {
                  "_attrs": {
                    "xml:space": "preserve",
                  },
                  "_children": [
                    {
                      "_children": [],
                      "_fTextNode": true,
                      "_parent": [Circular],
                      "_text": ": \`",
                    },
                  ],
                  "_fTextNode": false,
                  "_parent": [Circular],
                  "_tag": "w:t",
                },
              ],
              "_fTextNode": false,
              "_parent": [Circular],
              "_tag": "w:r",
            },
            {
              "_attrs": {
                "w:rsidR": "30651451",
              },
              "_children": [
                {
                  "_attrs": {},
                  "_children": [],
                  "_fTextNode": false,
                  "_parent": [Circular],
                  "_tag": "w:rPr",
                },
                {
                  "_attrs": {
                    "xml:space": "preserve",
                  },
                  "_children": [
                    {
                      "_children": [],
                      "_fTextNode": true,
                      "_parent": [Circular],
                      "_text": "name_of_the_bookmark",
                    },
                  ],
                  "_fTextNode": false,
                  "_parent": [Circular],
                  "_tag": "w:t",
                },
              ],
              "_fTextNode": false,
              "_parent": [Circular],
              "_tag": "w:r",
            },
            {
              "_attrs": {
                "w:rsidR": "30651451",
              },
              "_children": [
                {
                  "_attrs": {},
                  "_children": [],
                  "_fTextNode": false,
                  "_parent": [Circular],
                  "_tag": "w:rPr",
                },
                {
                  "_attrs": {
                    "xml:space": "preserve",
                  },
                  "_children": [
                    {
                      "_children": [],
                      "_fTextNode": true,
                      "_parent": [Circular],
                      "_text": "\`, text: \`",
                    },
                  ],
                  "_fTextNode": false,
                  "_parent": [Circular],
                  "_tag": "w:t",
                },
              ],
              "_fTextNode": false,
              "_parent": [Circular],
              "_tag": "w:r",
            },
            {
              "_attrs": {
                "w:rsidR": "06C0FE65",
              },
              "_children": [
                {
                  "_attrs": {},
                  "_children": [],
                  "_fTextNode": false,
                  "_parent": [Circular],
                  "_tag": "w:rPr",
                },
                {
                  "_attrs": {
                    "xml:space": "preserve",
                  },
                  "_children": [
                    {
                      "_children": [],
                      "_fTextNode": true,
                      "_parent": [Circular],
                      "_text": " Bookmark reference text ",
                    },
                  ],
                  "_fTextNode": false,
                  "_parent": [Circular],
                  "_tag": "w:t",
                },
              ],
              "_fTextNode": false,
              "_parent": [Circular],
              "_tag": "w:r",
            },
            {
              "_attrs": {
                "w:rsidR": "30651451",
              },
              "_children": [
                {
                  "_attrs": {},
                  "_children": [],
                  "_fTextNode": false,
                  "_parent": [Circular],
                  "_tag": "w:rPr",
                },
                {
                  "_attrs": {
                    "xml:space": "preserve",
                  },
                  "_children": [
                    {
                      "_children": [],
                      "_fTextNode": true,
                      "_parent": [Circular],
                      "_text": "\` }",
                    },
                  ],
                  "_fTextNode": false,
                  "_parent": [Circular],
                  "_tag": "w:t",
                },
              ],
              "_fTextNode": false,
              "_parent": [Circular],
              "_tag": "w:r",
            },
            {
              "_attrs": {
                "w:rsidR": "30651451",
              },
              "_children": [
                {
                  "_attrs": {},
                  "_children": [],
                  "_fTextNode": false,
                  "_parent": [Circular],
                  "_tag": "w:rPr",
                },
                {
                  "_attrs": {
                    "xml:space": "preserve",
                  },
                  "_children": [
                    {
                      "_children": [],
                      "_fTextNode": true,
                      "_parent": [Circular],
                      "_text": ") ",
                    },
                  ],
                  "_fTextNode": false,
                  "_parent": [Circular],
                  "_tag": "w:t",
                },
              ],
              "_fTextNode": false,
              "_parent": [Circular],
              "_tag": "w:r",
            },
          ],
          "_fTextNode": false,
          "_parent": [Circular],
          "_tag": "w:p",
        },
        {
          "_attrs": {
            "w14:paraId": "77A07550",
            "w14:textId": "70B46493",
            "w:rsidP": "437808BE",
            "w:rsidR": "437808BE",
            "w:rsidRDefault": "437808BE",
          },
          "_children": [
            {
              "_attrs": {},
              "_children": [
                {
                  "_attrs": {
                    "w:val": "Normal",
                  },
                  "_children": [],
                  "_fTextNode": false,
                  "_parent": [Circular],
                  "_tag": "w:pStyle",
                },
              ],
              "_fTextNode": false,
              "_parent": [Circular],
              "_tag": "w:pPr",
            },
          ],
          "_fTextNode": false,
          "_parent": [Circular],
          "_tag": "w:p",
        },
        {
          "_attrs": {},
          "_children": [
            {
              "_attrs": {
                "w:h": "15840",
                "w:orient": "portrait",
                "w:w": "12240",
              },
              "_children": [],
              "_fTextNode": false,
              "_parent": [Circular],
              "_tag": "w:pgSz",
            },
            {
              "_attrs": {
                "w:bottom": "1440",
                "w:footer": "720",
                "w:gutter": "0",
                "w:header": "720",
                "w:left": "1440",
                "w:right": "1440",
                "w:top": "1440",
              },
              "_children": [],
              "_fTextNode": false,
              "_parent": [Circular],
              "_tag": "w:pgMar",
            },
            {
              "_attrs": {
                "w:space": "720",
              },
              "_children": [],
              "_fTextNode": false,
              "_parent": [Circular],
              "_tag": "w:cols",
            },
            {
              "_attrs": {
                "w:linePitch": "360",
              },
              "_children": [],
              "_fTextNode": false,
              "_parent": [Circular],
              "_tag": "w:docGrid",
            },
          ],
          "_fTextNode": false,
          "_parent": [Circular],
          "_tag": "w:sectPr",
        },
      ],
      "_fTextNode": false,
      "_parent": [Circular],
      "_tag": "w:body",
    },
  ],
  "_fTextNode": false,
  "_tag": "w:document",
}
`;

exports[`sandbox Template processing Add bookmarks - bookmark should be correctly added 1`] = `
{
  "_attrs": {
    "mc:Ignorable": "w14 w15 wp14 w16se w16cid w16 w16cex w16sdtdh",
    "xmlns:m": "http://schemas.openxmlformats.org/officeDocument/2006/math",
    "xmlns:mc": "http://schemas.openxmlformats.org/markup-compatibility/2006",
    "xmlns:o": "urn:schemas-microsoft-com:office:office",
    "xmlns:r": "http://schemas.openxmlformats.org/officeDocument/2006/relationships",
    "xmlns:v": "urn:schemas-microsoft-com:vml",
    "xmlns:w": "http://schemas.openxmlformats.org/wordprocessingml/2006/main",
    "xmlns:w10": "urn:schemas-microsoft-com:office:word",
    "xmlns:w14": "http://schemas.microsoft.com/office/word/2010/wordml",
    "xmlns:w15": "http://schemas.microsoft.com/office/word/2012/wordml",
    "xmlns:w16": "http://schemas.microsoft.com/office/word/2018/wordml",
    "xmlns:w16cex": "http://schemas.microsoft.com/office/word/2018/wordml/cex",
    "xmlns:w16cid": "http://schemas.microsoft.com/office/word/2016/wordml/cid",
    "xmlns:w16sdtdh": "http://schemas.microsoft.com/office/word/2020/wordml/sdtdatahash",
    "xmlns:w16se": "http://schemas.microsoft.com/office/word/2015/wordml/symex",
    "xmlns:wne": "http://schemas.microsoft.com/office/word/2006/wordml",
    "xmlns:wp": "http://schemas.openxmlformats.org/drawingml/2006/wordprocessingDrawing",
    "xmlns:wp14": "http://schemas.microsoft.com/office/word/2010/wordprocessingDrawing",
    "xmlns:wpc": "http://schemas.microsoft.com/office/word/2010/wordprocessingCanvas",
    "xmlns:wpg": "http://schemas.microsoft.com/office/word/2010/wordprocessingGroup",
    "xmlns:wpi": "http://schemas.microsoft.com/office/word/2010/wordprocessingInk",
    "xmlns:wps": "http://schemas.microsoft.com/office/word/2010/wordprocessingShape",
  },
  "_children": [
    {
      "_attrs": {},
      "_children": [
        {
          "_attrs": {
            "w14:paraId": "4B86D9B1",
            "w14:textId": "61DA0F59",
            "w:rsidP": "437808BE",
            "w:rsidR": "3A54C927",
            "w:rsidRDefault": "3A54C927",
          },
          "_children": [
            {
              "_attrs": {},
              "_children": [
                {
                  "_attrs": {
                    "w:val": "Normal",
                  },
                  "_children": [],
                  "_fTextNode": false,
                  "_parent": [Circular],
                  "_tag": "w:pStyle",
                },
              ],
              "_fTextNode": false,
              "_parent": [Circular],
              "_tag": "w:pPr",
            },
            {
              "_attrs": {
                "w:id": "1",
                "w:name": "name_of_the_bookmark",
              },
              "_children": [],
              "_fTextNode": false,
              "_parent": [Circular],
              "_tag": "w:bookmarkStart",
            },
            {
              "_attrs": {},
              "_children": [
                {
                  "_attrs": {},
                  "_children": [
                    {
                      "_attrs": {
                        "w:val": "single",
                      },
                      "_children": [],
                      "_fTextNode": false,
                      "_parent": [Circular],
                      "_tag": "w:u",
                    },
                  ],
                  "_fTextNode": false,
                  "_parent": [Circular],
                  "_tag": "w:rPr",
                },
                {
                  "_attrs": {},
                  "_children": [
                    {
                      "_children": [],
                      "_fTextNode": true,
                      "_parent": [Circular],
                      "_text": undefined,
                    },
                  ],
                  "_fTextNode": false,
                  "_parent": [Circular],
                  "_tag": "w:t",
                },
              ],
              "_fTextNode": false,
              "_parent": [Circular],
              "_tag": "w:r",
            },
            {
              "_attrs": {
                "w:id": "1",
              },
              "_children": [],
              "_fTextNode": false,
              "_parent": [Circular],
              "_tag": "w:bookmarkEnd",
            },
            {
              "_attrs": {
                "w:rsidR": "3A54C927",
              },
              "_children": [
                {
                  "_attrs": {},
                  "_children": [],
                  "_fTextNode": false,
                  "_parent": [Circular],
                  "_tag": "w:rPr",
                },
                {
                  "_attrs": {
                    "xml:space": "preserve",
                  },
                  "_children": [
                    {
                      "_children": [],
                      "_fTextNode": true,
                      "_parent": [Circular],
                      "_text": "",
                    },
                  ],
                  "_fTextNode": false,
                  "_parent": [Circular],
                  "_tag": "w:t",
                },
              ],
              "_fTextNode": false,
              "_parent": [Circular],
              "_tag": "w:r",
            },
            {
              "_attrs": {
                "w:rsidR": "3A54C927",
              },
              "_children": [
                {
                  "_attrs": {},
                  "_children": [],
                  "_fTextNode": false,
                  "_parent": [Circular],
                  "_tag": "w:rPr",
                },
                {
                  "_attrs": {
                    "xml:space": "preserve",
                  },
                  "_children": [
                    {
                      "_children": [],
                      "_fTextNode": true,
                      "_parent": [Circular],
                      "_text": "",
                    },
                  ],
                  "_fTextNode": false,
                  "_parent": [Circular],
                  "_tag": "w:t",
                },
              ],
              "_fTextNode": false,
              "_parent": [Circular],
              "_tag": "w:r",
            },
            {
              "_attrs": {
                "w:rsidR": "3A54C927",
              },
              "_children": [
                {
                  "_attrs": {},
                  "_children": [],
                  "_fTextNode": false,
                  "_parent": [Circular],
                  "_tag": "w:rPr",
                },
                {
                  "_attrs": {
                    "xml:space": "preserve",
                  },
                  "_children": [
                    {
                      "_children": [],
                      "_fTextNode": true,
                      "_parent": [Circular],
                      "_text": "",
                    },
                  ],
                  "_fTextNode": false,
                  "_parent": [Circular],
                  "_tag": "w:t",
                },
              ],
              "_fTextNode": false,
              "_parent": [Circular],
              "_tag": "w:r",
            },
            {
              "_attrs": {
                "w:rsidR": "3A54C927",
              },
              "_children": [
                {
                  "_attrs": {},
                  "_children": [],
                  "_fTextNode": false,
                  "_parent": [Circular],
                  "_tag": "w:rPr",
                },
                {
                  "_attrs": {
                    "xml:space": "preserve",
                  },
                  "_children": [
                    {
                      "_children": [],
                      "_fTextNode": true,
                      "_parent": [Circular],
                      "_text": "",
                    },
                  ],
                  "_fTextNode": false,
                  "_parent": [Circular],
                  "_tag": "w:t",
                },
              ],
              "_fTextNode": false,
              "_parent": [Circular],
              "_tag": "w:r",
            },
            {
              "_attrs": {
                "w:rsidR": "3A54C927",
              },
              "_children": [
                {
                  "_attrs": {},
                  "_children": [],
                  "_fTextNode": false,
                  "_parent": [Circular],
                  "_tag": "w:rPr",
                },
                {
                  "_attrs": {
                    "xml:space": "preserve",
                  },
                  "_children": [
                    {
                      "_children": [],
                      "_fTextNode": true,
                      "_parent": [Circular],
                      "_text": "",
                    },
                  ],
                  "_fTextNode": false,
                  "_parent": [Circular],
                  "_tag": "w:t",
                },
              ],
              "_fTextNode": false,
              "_parent": [Circular],
              "_tag": "w:r",
            },
            {
              "_attrs": {
                "w:rsidR": "3A54C927",
              },
              "_children": [
                {
                  "_attrs": {},
                  "_children": [],
                  "_fTextNode": false,
                  "_parent": [Circular],
                  "_tag": "w:rPr",
                },
                {
                  "_attrs": {
                    "xml:space": "preserve",
                  },
                  "_children": [
                    {
                      "_children": [],
                      "_fTextNode": true,
                      "_parent": [Circular],
                      "_text": "",
                    },
                  ],
                  "_fTextNode": false,
                  "_parent": [Circular],
                  "_tag": "w:t",
                },
              ],
              "_fTextNode": false,
              "_parent": [Circular],
              "_tag": "w:r",
            },
            {
              "_attrs": {
                "w:rsidR": "3C293C47",
              },
              "_children": [
                {
                  "_attrs": {},
                  "_children": [],
                  "_fTextNode": false,
                  "_parent": [Circular],
                  "_tag": "w:rPr",
                },
                {
                  "_attrs": {
                    "xml:space": "preserve",
                  },
                  "_children": [
                    {
                      "_children": [],
                      "_fTextNode": true,
                      "_parent": [Circular],
                      "_text": "",
                    },
                  ],
                  "_fTextNode": false,
                  "_parent": [Circular],
                  "_tag": "w:t",
                },
              ],
              "_fTextNode": false,
              "_parent": [Circular],
              "_tag": "w:r",
            },
            {
              "_attrs": {
                "w:rsidR": "3A54C927",
              },
              "_children": [
                {
                  "_attrs": {},
                  "_children": [],
                  "_fTextNode": false,
                  "_parent": [Circular],
                  "_tag": "w:rPr",
                },
                {
                  "_attrs": {
                    "xml:space": "preserve",
                  },
                  "_children": [
                    {
                      "_children": [],
                      "_fTextNode": true,
                      "_parent": [Circular],
                      "_text": "",
                    },
                  ],
                  "_fTextNode": false,
                  "_parent": [Circular],
                  "_tag": "w:t",
                },
              ],
              "_fTextNode": false,
              "_parent": [Circular],
              "_tag": "w:r",
            },
            {
              "_attrs": {
                "w:rsidR": "3A54C927",
              },
              "_children": [
                {
                  "_attrs": {},
                  "_children": [],
                  "_fTextNode": false,
                  "_parent": [Circular],
                  "_tag": "w:rPr",
                },
                {
                  "_attrs": {
                    "xml:space": "preserve",
                  },
                  "_children": [
                    {
                      "_children": [],
                      "_fTextNode": true,
                      "_parent": [Circular],
                      "_text": "",
                    },
                  ],
                  "_fTextNode": false,
                  "_parent": [Circular],
                  "_tag": "w:t",
                },
              ],
              "_fTextNode": false,
              "_parent": [Circular],
              "_tag": "w:r",
            },
          ],
          "_fTextNode": false,
          "_parent": [Circular],
          "_tag": "w:p",
        },
        {
          "_attrs": {
            "w14:paraId": "772E56C9",
            "w14:textId": "0C8002BC",
            "w:rsidP": "437808BE",
            "w:rsidR": "437808BE",
            "w:rsidRDefault": "437808BE",
          },
          "_children": [
            {
              "_attrs": {},
              "_children": [
                {
                  "_attrs": {
                    "w:val": "Normal",
                  },
                  "_children": [],
                  "_fTextNode": false,
                  "_parent": [Circular],
                  "_tag": "w:pStyle",
                },
              ],
              "_fTextNode": false,
              "_parent": [Circular],
              "_tag": "w:pPr",
            },
          ],
          "_fTextNode": false,
          "_parent": [Circular],
          "_tag": "w:p",
        },
        {
          "_attrs": {
            "w14:paraId": "226B924A",
            "w14:textId": "1853F527",
            "w:rsidP": "437808BE",
            "w:rsidR": "30651451",
            "w:rsidRDefault": "30651451",
          },
          "_children": [
            {
              "_attrs": {},
              "_children": [
                {
                  "_attrs": {
                    "w:val": "Normal",
                  },
                  "_children": [],
                  "_fTextNode": false,
                  "_parent": [Circular],
                  "_tag": "w:pStyle",
                },
              ],
              "_fTextNode": false,
              "_parent": [Circular],
              "_tag": "w:pPr",
            },
            {
              "_attrs": {
                "w:rsidR": "30651451",
              },
              "_children": [
                {
                  "_attrs": {},
                  "_children": [],
                  "_fTextNode": false,
                  "_parent": [Circular],
                  "_tag": "w:rPr",
                },
                {
                  "_attrs": {
                    "xml:space": "preserve",
                  },
                  "_children": [
                    {
                      "_children": [],
                      "_fTextNode": true,
                      "_parent": [Circular],
                      "_text": "REFER ",
                    },
                  ],
                  "_fTextNode": false,
                  "_parent": [Circular],
                  "_tag": "w:t",
                },
              ],
              "_fTextNode": false,
              "_parent": [Circular],
              "_tag": "w:r",
            },
            {
              "_attrs": {
                "w:rsidR": "30651451",
              },
              "_children": [
                {
                  "_attrs": {},
                  "_children": [],
                  "_fTextNode": false,
                  "_parent": [Circular],
                  "_tag": "w:rPr",
                },
                {
                  "_attrs": {
                    "xml:space": "preserve",
                  },
                  "_children": [
                    {
                      "_children": [],
                      "_fTextNode": true,
                      "_parent": [Circular],
                      "_text": "({ name",
                    },
                  ],
                  "_fTextNode": false,
                  "_parent": [Circular],
                  "_tag": "w:t",
                },
              ],
              "_fTextNode": false,
              "_parent": [Circular],
              "_tag": "w:r",
            },
            {
              "_attrs": {
                "w:rsidR": "30651451",
              },
              "_children": [
                {
                  "_attrs": {},
                  "_children": [],
                  "_fTextNode": false,
                  "_parent": [Circular],
                  "_tag": "w:rPr",
                },
                {
                  "_attrs": {
                    "xml:space": "preserve",
                  },
                  "_children": [
                    {
                      "_children": [],
                      "_fTextNode": true,
                      "_parent": [Circular],
                      "_text": ": \`",
                    },
                  ],
                  "_fTextNode": false,
                  "_parent": [Circular],
                  "_tag": "w:t",
                },
              ],
              "_fTextNode": false,
              "_parent": [Circular],
              "_tag": "w:r",
            },
            {
              "_attrs": {
                "w:rsidR": "30651451",
              },
              "_children": [
                {
                  "_attrs": {},
                  "_children": [],
                  "_fTextNode": false,
                  "_parent": [Circular],
                  "_tag": "w:rPr",
                },
                {
                  "_attrs": {
                    "xml:space": "preserve",
                  },
                  "_children": [
                    {
                      "_children": [],
                      "_fTextNode": true,
                      "_parent": [Circular],
                      "_text": "name_of_the_bookmark",
                    },
                  ],
                  "_fTextNode": false,
                  "_parent": [Circular],
                  "_tag": "w:t",
                },
              ],
              "_fTextNode": false,
              "_parent": [Circular],
              "_tag": "w:r",
            },
            {
              "_attrs": {
                "w:rsidR": "30651451",
              },
              "_children": [
                {
                  "_attrs": {},
                  "_children": [],
                  "_fTextNode": false,
                  "_parent": [Circular],
                  "_tag": "w:rPr",
                },
                {
                  "_attrs": {
                    "xml:space": "preserve",
                  },
                  "_children": [
                    {
                      "_children": [],
                      "_fTextNode": true,
                      "_parent": [Circular],
                      "_text": "\`, text: \`",
                    },
                  ],
                  "_fTextNode": false,
                  "_parent": [Circular],
                  "_tag": "w:t",
                },
              ],
              "_fTextNode": false,
              "_parent": [Circular],
              "_tag": "w:r",
            },
            {
              "_attrs": {
                "w:rsidR": "06C0FE65",
              },
              "_children": [
                {
                  "_attrs": {},
                  "_children": [],
                  "_fTextNode": false,
                  "_parent": [Circular],
                  "_tag": "w:rPr",
                },
                {
                  "_attrs": {
                    "xml:space": "preserve",
                  },
                  "_children": [
                    {
                      "_children": [],
                      "_fTextNode": true,
                      "_parent": [Circular],
                      "_text": " Bookmark reference text ",
                    },
                  ],
                  "_fTextNode": false,
                  "_parent": [Circular],
                  "_tag": "w:t",
                },
              ],
              "_fTextNode": false,
              "_parent": [Circular],
              "_tag": "w:r",
            },
            {
              "_attrs": {
                "w:rsidR": "30651451",
              },
              "_children": [
                {
                  "_attrs": {},
                  "_children": [],
                  "_fTextNode": false,
                  "_parent": [Circular],
                  "_tag": "w:rPr",
                },
                {
                  "_attrs": {
                    "xml:space": "preserve",
                  },
                  "_children": [
                    {
                      "_children": [],
                      "_fTextNode": true,
                      "_parent": [Circular],
                      "_text": "\` }",
                    },
                  ],
                  "_fTextNode": false,
                  "_parent": [Circular],
                  "_tag": "w:t",
                },
              ],
              "_fTextNode": false,
              "_parent": [Circular],
              "_tag": "w:r",
            },
            {
              "_attrs": {
                "w:rsidR": "30651451",
              },
              "_children": [
                {
                  "_attrs": {},
                  "_children": [],
                  "_fTextNode": false,
                  "_parent": [Circular],
                  "_tag": "w:rPr",
                },
                {
                  "_attrs": {
                    "xml:space": "preserve",
                  },
                  "_children": [
                    {
                      "_children": [],
                      "_fTextNode": true,
                      "_parent": [Circular],
                      "_text": ") ",
                    },
                  ],
                  "_fTextNode": false,
                  "_parent": [Circular],
                  "_tag": "w:t",
                },
              ],
              "_fTextNode": false,
              "_parent": [Circular],
              "_tag": "w:r",
            },
          ],
          "_fTextNode": false,
          "_parent": [Circular],
          "_tag": "w:p",
        },
        {
          "_attrs": {
            "w14:paraId": "77A07550",
            "w14:textId": "70B46493",
            "w:rsidP": "437808BE",
            "w:rsidR": "437808BE",
            "w:rsidRDefault": "437808BE",
          },
          "_children": [
            {
              "_attrs": {},
              "_children": [
                {
                  "_attrs": {
                    "w:val": "Normal",
                  },
                  "_children": [],
                  "_fTextNode": false,
                  "_parent": [Circular],
                  "_tag": "w:pStyle",
                },
              ],
              "_fTextNode": false,
              "_parent": [Circular],
              "_tag": "w:pPr",
            },
          ],
          "_fTextNode": false,
          "_parent": [Circular],
          "_tag": "w:p",
        },
        {
          "_attrs": {},
          "_children": [
            {
              "_attrs": {
                "w:h": "15840",
                "w:orient": "portrait",
                "w:w": "12240",
              },
              "_children": [],
              "_fTextNode": false,
              "_parent": [Circular],
              "_tag": "w:pgSz",
            },
            {
              "_attrs": {
                "w:bottom": "1440",
                "w:footer": "720",
                "w:gutter": "0",
                "w:header": "720",
                "w:left": "1440",
                "w:right": "1440",
                "w:top": "1440",
              },
              "_children": [],
              "_fTextNode": false,
              "_parent": [Circular],
              "_tag": "w:pgMar",
            },
            {
              "_attrs": {
                "w:space": "720",
              },
              "_children": [],
              "_fTextNode": false,
              "_parent": [Circular],
              "_tag": "w:cols",
            },
            {
              "_attrs": {
                "w:linePitch": "360",
              },
              "_children": [],
              "_fTextNode": false,
              "_parent": [Circular],
              "_tag": "w:docGrid",
            },
          ],
          "_fTextNode": false,
          "_parent": [Circular],
          "_tag": "w:sectPr",
        },
      ],
      "_fTextNode": false,
      "_parent": [Circular],
      "_tag": "w:body",
    },
  ],
  "_fTextNode": false,
  "_tag": "w:document",
}
`;
